// Jest Snapshot v1, https://goo.gl/fbAQLP

exports[`fogmodCheatSheet parseFogModCheatSheet parses the cheat sheet 1`] = `
{
  "connections": [
    {
      "comment": "From dukes_caves (To Seath in Crystal Caves) to demonruins (In Demon Ruins next to the first Capra Demon)",
      "fromArea": "dukes_caves",
      "fromEntrance": "To Seath in Crystal Caves",
      "toArea": "demonruins",
      "toEntrance": "In Demon Ruins next to the first Capra Demon",
    },
    {
      "comment": "From demonruins (Between Quelaag's Domain and the Demon Ruins bonfire) to parish_gargoyles (To Gargoyles)",
      "fromArea": "demonruins",
      "fromEntrance": "Between Quelaag's Domain and the Demon Ruins bonfire",
      "toArea": "parish_gargoyles",
      "toEntrance": "To Gargoyles",
    },
    {
      "comment": "From parish_gargoyles (After Gargoyles) to blighttown_quelaag (To Quelaag)",
      "fromArea": "parish_gargoyles",
      "fromEntrance": "After Gargoyles",
      "toArea": "blighttown_quelaag",
      "toEntrance": "To Quelaag",
    },
    {
      "comment": "From blighttown_quelaag (After Quelaag) to anorlondo_postrafters (Between the Painting Guardian rafters and the elevator contraption)",
      "fromArea": "blighttown_quelaag",
      "fromEntrance": "After Quelaag",
      "toArea": "anorlondo_postrafters",
      "toEntrance": "Between the Painting Guardian rafters and the elevator contraption",
    },
    {
      "comment": "From anorlondo_painting (Using Peculiar Doll to access Painted World) to anorlondo_painting (Leaving Painted World back to Anor Londo)",
      "fromArea": "anorlondo_painting",
      "fromEntrance": "Using Peculiar Doll to access Painted World",
      "toArea": "anorlondo_painting",
      "toEntrance": "Leaving Painted World back to Anor Londo",
    },
    {
      "comment": "From anorlondo_prerafters (At the doorway connecting the first Anor Londo elevator and the first gargoyle) to demonruins_firesage (After Demon Firesage)",
      "fromArea": "anorlondo_prerafters",
      "fromEntrance": "At the doorway connecting the first Anor Londo elevator and the first gargoyle",
      "toArea": "demonruins_firesage",
      "toEntrance": "After Demon Firesage",
    },
    {
      "comment": "From anorlondo_main (Between the first two Silver Knights and the main building) to darkroot_sif (To Sif)",
      "fromArea": "anorlondo_main",
      "fromEntrance": "Between the first two Silver Knights and the main building",
      "toArea": "darkroot_sif",
      "toEntrance": "To Sif",
    },
    {
      "comment": "From anorlondo_darkmoon (To Gwyndolin) to firelink_gate (Between female Undead Merchant and Lower Burg)",
      "fromArea": "anorlondo_darkmoon",
      "fromEntrance": "To Gwyndolin",
      "toArea": "firelink_gate",
      "toEntrance": "Between female Undead Merchant and Lower Burg",
    },
    {
      "comment": "From anorlondo_rafters (Between the Painting Guardian rafters and the elevator contraption) to catacombs_pinwheel (Between TotG and Catacombs)",
      "fromArea": "anorlondo_rafters",
      "fromEntrance": "Between the Painting Guardian rafters and the elevator contraption",
      "toArea": "catacombs_pinwheel",
      "toEntrance": "Between TotG and Catacombs",
    },
    {
      "comment": "From firelink (Between Firelink Shrine and Upper Burg) to burg_posttaurus (Between area after Taurus Demon and Hellkite bridge)",
      "fromArea": "firelink",
      "fromEntrance": "Between Firelink Shrine and Upper Burg",
      "toArea": "burg_posttaurus",
      "toEntrance": "Between area after Taurus Demon and Hellkite bridge",
    },
    {
      "comment": "From firelink (Between Firelink Shrine and Catacombs) to paintedworld (Between tower with statue and courtyard with phalanx)",
      "fromArea": "firelink",
      "fromEntrance": "Between Firelink Shrine and Catacombs",
      "toArea": "paintedworld",
      "toEntrance": "Between tower with statue and courtyard with phalanx",
    },
    {
      "comment": "From paintedworld_priscilla (Leaving Painted World back to Anor Londo) to paintedworld (Using Peculiar Doll to access Painted World)",
      "fromArea": "paintedworld_priscilla",
      "fromEntrance": "Leaving Painted World back to Anor Londo",
      "toArea": "paintedworld",
      "toEntrance": "Using Peculiar Doll to access Painted World",
    },
    {
      "comment": "From firelink (Between the Firelink Shrine elevator and New Londo Ruins) to darkroot (Between Darkroot and Andre)",
      "fromArea": "firelink",
      "fromEntrance": "Between the Firelink Shrine elevator and New Londo Ruins",
      "toArea": "darkroot",
      "toEntrance": "Between Darkroot and Andre",
    },
    {
      "comment": "From burg_posttaurus (After Taurus Demon) to demonruins_elevator (Between stairways behind Firesage and elevator to Quelaag's Domain)",
      "fromArea": "burg_posttaurus",
      "fromEntrance": "After Taurus Demon",
      "toArea": "demonruins_elevator",
      "toEntrance": "Between stairways behind Firesage and elevator to Quelaag's Domain",
    },
    {
      "comment": "From paintedworld (To Priscilla) to sens_irongolem (From Anor Londo back to Sen's)",
      "fromArea": "paintedworld",
      "fromEntrance": "To Priscilla",
      "toArea": "sens_irongolem",
      "toEntrance": "From Anor Londo back to Sen's",
    },
    {
      "comment": "From paintedworld (Between tower with statue and courtyard with phalanx) to dlc_start (To Sanctuary Guardian)",
      "fromArea": "paintedworld",
      "fromEntrance": "Between tower with statue and courtyard with phalanx",
      "toArea": "dlc_start",
      "toEntrance": "To Sanctuary Guardian",
    },
    {
      "comment": "From darkroot (Between Darkroot and tunnel leading to Valley of the Drakes) to burg_start (Between Firelink Shrine and Upper Burg)",
      "fromArea": "darkroot",
      "fromEntrance": "Between Darkroot and tunnel leading to Valley of the Drakes",
      "toArea": "burg_start",
      "toEntrance": "Between Firelink Shrine and Upper Burg",
    },
    {
      "comment": "From darkroot (Between the Darkroot Garden bonfire and the area with the stone knights) to demonruins_lordvessel (To Demon Firesage)",
      "fromArea": "darkroot",
      "fromEntrance": "Between the Darkroot Garden bonfire and the area with the stone knights",
      "toArea": "demonruins_lordvessel",
      "toEntrance": "To Demon Firesage",
    },
    {
      "comment": "From darkroot (At one end of the bridge at the top of the waterfall with the hydra below) to parish_church (To Gargoyles)",
      "fromArea": "darkroot",
      "fromEntrance": "At one end of the bridge at the top of the waterfall with the hydra below",
      "toArea": "parish_church",
      "toEntrance": "To Gargoyles",
    },
    {
      "comment": "From burg_start (Near the drake encounter in Upper Burg) to dukes_hallway (At the hallway with the crystal warrior in Duke's Archives)",
      "fromArea": "burg_start",
      "fromEntrance": "Near the drake encounter in Upper Burg",
      "toArea": "dukes_hallway",
      "toEntrance": "At the hallway with the crystal warrior in Duke's Archives",
    },
    {
      "comment": "From demonruins_lordvessel (Golden fog gate in Demon Ruins) to asylum_outside (Crow transport from Firelink to Asylum)",
      "fromArea": "demonruins_lordvessel",
      "fromEntrance": "Golden fog gate in Demon Ruins",
      "toArea": "asylum_outside",
      "toEntrance": "Crow transport from Firelink to Asylum",
    },
    {
      "comment": "From dukes_hallway (To Seath in Archives) to demonruins_lower (In Demon Ruins next to the first Capra Demon)",
      "fromArea": "dukes_hallway",
      "fromEntrance": "To Seath in Archives",
      "toArea": "demonruins_lower",
      "toEntrance": "In Demon Ruins next to the first Capra Demon",
    },
    {
      "comment": "From dlc_forest (At the top of the elevator from before Artorias to before Manus) to demonruins_lower (Golden fog gate in Demon Ruins)",
      "fromArea": "dlc_forest",
      "fromEntrance": "At the top of the elevator from before Artorias to before Manus",
      "toArea": "demonruins_lower",
      "toEntrance": "Golden fog gate in Demon Ruins",
    },
    {
      "comment": "From demonruins_firesage (To Demon Firesage) to dlc_township (At the bottom of the elevator from before Artorias to before Manus)",
      "fromArea": "demonruins_firesage",
      "fromEntrance": "To Demon Firesage",
      "toArea": "dlc_township",
      "toEntrance": "At the bottom of the elevator from before Artorias to before Manus",
    },
    {
      "comment": "From parish_church (Between Undead Parish and Andre) to asylum_oscar (Between hallway with initial weapons and Oscar's cell)",
      "fromArea": "parish_church",
      "fromEntrance": "Between Undead Parish and Andre",
      "toArea": "asylum_oscar",
      "toEntrance": "Between hallway with initial weapons and Oscar's cell",
    },
    {
      "comment": "From parish_church (In front of Firelink Shrine dual elevator) to darkroot_butterfly (To Moonlight Butterfly)",
      "fromArea": "parish_church",
      "fromEntrance": "In front of Firelink Shrine dual elevator",
      "toArea": "darkroot_butterfly",
      "toEntrance": "To Moonlight Butterfly",
    },
    {
      "comment": "From parish_church (At the bridge crossing over the boar in Undead Parish) to burg_lower (To Capra Demon)",
      "fromArea": "parish_church",
      "fromEntrance": "At the bridge crossing over the boar in Undead Parish",
      "toArea": "burg_lower",
      "toEntrance": "To Capra Demon",
    },
    {
      "comment": "From asylum_prebalcony (To Asylum Demon from balcony) to dlc_artorias (To Artorias)",
      "fromArea": "asylum_prebalcony",
      "fromEntrance": "To Asylum Demon from balcony",
      "toArea": "dlc_artorias",
      "toEntrance": "To Artorias",
    },
    {
      "comment": "From dukes_library (At the hallway with the crystal warrior in Duke's Archives) to dlc_artorias (After Artorias)",
      "fromArea": "dukes_library",
      "fromEntrance": "At the hallway with the crystal warrior in Duke's Archives",
      "toArea": "dlc_artorias",
      "toEntrance": "After Artorias",
    },
    {
      "comment": "From catacombs (Between the bridge Patches flips over and the room with two skeletons) to catacombs (To Pinwheel)",
      "fromArea": "catacombs",
      "fromEntrance": "Between the bridge Patches flips over and the room with two skeletons",
      "toArea": "catacombs",
      "toEntrance": "To Pinwheel",
    },
    {
      "comment": "From dlc_township (To Manus) to anorlondo_os (After O&S on left side)",
      "fromArea": "dlc_township",
      "fromEntrance": "To Manus",
      "toArea": "anorlondo_os",
      "toEntrance": "After O&S on left side",
    },
    {
      "comment": "From dlc_township (Between Gough's stairway and Oolacile Township) to dukes_caves (Between Duke's Archives and the field before Crystal Caves)",
      "fromArea": "dlc_township",
      "fromEntrance": "Between Gough's stairway and Oolacile Township",
      "toArea": "dukes_caves",
      "toEntrance": "Between Duke's Archives and the field before Crystal Caves",
    },
    {
      "comment": "From burg_upper (To Taurus Demon) to blighttown_upper (In between the main pit and wood planks while climbing up/down Blighttown)",
      "fromArea": "burg_upper",
      "fromEntrance": "To Taurus Demon",
      "toArea": "blighttown_upper",
      "toEntrance": "In between the main pit and wood planks while climbing up/down Blighttown",
    },
    {
      "comment": "From burg_upper (Lower doorway of room with burg bonfire) to depths (Near the area with the Channeler in the Depths)",
      "fromArea": "burg_upper",
      "fromEntrance": "Lower doorway of room with burg bonfire",
      "toArea": "depths",
      "toEntrance": "Near the area with the Channeler in the Depths",
    },
    {
      "comment": "From burg_upper (Near the drake encounter in Upper Burg) to anorlondo_cathedral (Between the Anor Londo main cathedral and the Giant Blacksmith)",
      "fromArea": "burg_upper",
      "fromEntrance": "Near the drake encounter in Upper Burg",
      "toArea": "anorlondo_cathedral",
      "toEntrance": "Between the Anor Londo main cathedral and the Giant Blacksmith",
    },
    {
      "comment": "From parish_hellkite (Between area after Taurus Demon and Hellkite bridge) to totg_lordvessel (To Nito)",
      "fromArea": "parish_hellkite",
      "fromEntrance": "Between area after Taurus Demon and Hellkite bridge",
      "toArea": "totg_lordvessel",
      "toEntrance": "To Nito",
    },
    {
      "comment": "From parish_hellkite (At the bridge crossing over the boar in Undead Parish) to dukes_library (At the first elevator in Duke's Archives)",
      "fromArea": "parish_hellkite",
      "fromEntrance": "At the bridge crossing over the boar in Undead Parish",
      "toArea": "dukes_library",
      "toEntrance": "At the first elevator in Duke's Archives",
    },
    {
      "comment": "From parish_hellkite (Upper doorway of room with burg bonfire) to dukes_machines (Between Duke's Archives and the field before Crystal Caves)",
      "fromArea": "parish_hellkite",
      "fromEntrance": "Upper doorway of room with burg bonfire",
      "toArea": "dukes_machines",
      "toEntrance": "Between Duke's Archives and the field before Crystal Caves",
    },
    {
      "comment": "From burg_lower (Between female Undead Merchant and Lower Burg) to demonruins_izalith (To Bed of Chaos)",
      "fromArea": "burg_lower",
      "fromEntrance": "Between female Undead Merchant and Lower Burg",
      "toArea": "demonruins_izalith",
      "toEntrance": "To Bed of Chaos",
    },
    {
      "comment": "From burg_lower (Between very long ladder and Lower Burg) to totg_lower (Golden fog gate in Tomb of the Giants)",
      "fromArea": "burg_lower",
      "fromEntrance": "Between very long ladder and Lower Burg",
      "toArea": "totg_lower",
      "toEntrance": "Golden fog gate in Tomb of the Giants",
    },
    {
      "comment": "From asylum (Between hallway with initial weapons and Oscar's cell) to dlc_kalameet (To Kalameet)",
      "fromArea": "asylum",
      "fromEntrance": "Between hallway with initial weapons and Oscar's cell",
      "toArea": "dlc_kalameet",
      "toEntrance": "To Kalameet",
    },
    {
      "comment": "From catacombs (Getting into coffin to Nito) to dlc_sanctuary (After Sanctuary Guardian)",
      "fromArea": "catacombs",
      "fromEntrance": "Getting into coffin to Nito",
      "toArea": "dlc_sanctuary",
      "toEntrance": "After Sanctuary Guardian",
    },
    {
      "comment": "From catacombs (Between the bridge Patches flips over and the room with two skeletons) to anorlondo_gwyndolin (To Gwyndolin)",
      "fromArea": "catacombs",
      "fromEntrance": "Between the bridge Patches flips over and the room with two skeletons",
      "toArea": "anorlondo_gwyndolin",
      "toEntrance": "To Gwyndolin",
    },
    {
      "comment": "From sens_irongolem (To Iron Golem) to demonruins_stairs (Between stairways behind Firesage and elevator to Quelaag's Domain)",
      "fromArea": "sens_irongolem",
      "fromEntrance": "To Iron Golem",
      "toArea": "demonruins_stairs",
      "toEntrance": "Between stairways behind Firesage and elevator to Quelaag's Domain",
    },
    {
      "comment": "From depths (To Gaping Dragon) to sens_upper (Between final swinging axes aand Sen's Fortress roof)",
      "fromArea": "depths",
      "fromEntrance": "To Gaping Dragon",
      "toArea": "sens_upper",
      "toEntrance": "Between final swinging axes aand Sen's Fortress roof",
    },
    {
      "comment": "From darkroot_butterfly (After Moonlight Butterfly) to sens_upper (To Iron Golem)",
      "fromArea": "darkroot_butterfly",
      "fromEntrance": "After Moonlight Butterfly",
      "toArea": "sens_upper",
      "toEntrance": "To Iron Golem",
    },
    {
      "comment": "From blighttown_bell (After Quelaag) to catacombs_prepinwheel (To Pinwheel)",
      "fromArea": "blighttown_bell",
      "fromEntrance": "After Quelaag",
      "toArea": "catacombs_prepinwheel",
      "toEntrance": "To Pinwheel",
    },
    {
      "comment": "From blighttown_bell (Between Quelaag's Domain and the Demon Ruins bonfire) to dlc_hallway (Between Gough's stairway and Oolacile Township)",
      "fromArea": "blighttown_bell",
      "fromEntrance": "Between Quelaag's Domain and the Demon Ruins bonfire",
      "toArea": "dlc_hallway",
      "toEntrance": "Between Gough's stairway and Oolacile Township",
    },
    {
      "comment": "From depths (Near the area with the Channeler in the Depths) to newlondo (Between the Firelink Shrine elevator and New Londo Ruins)",
      "fromArea": "depths",
      "fromEntrance": "Near the area with the Channeler in the Depths",
      "toArea": "newlondo",
      "toEntrance": "Between the Firelink Shrine elevator and New Londo Ruins",
    },
    {
      "comment": "From anorlondo_cathedral (To O&S) to sens_mid (Near the outside boulder stairway and Siegmeyer in Sen's Fortress)",
      "fromArea": "anorlondo_cathedral",
      "fromEntrance": "To O&S",
      "toArea": "sens_mid",
      "toEntrance": "Near the outside boulder stairway and Siegmeyer in Sen's Fortress",
    },
    {
      "comment": "From anorlondo_cathedral (From the Anor Londo main cathedral out of a broken window in front) to burg_above_bonfire (Upper doorway of room with burg bonfire)",
      "fromArea": "anorlondo_cathedral",
      "fromEntrance": "From the Anor Londo main cathedral out of a broken window in front",
      "toArea": "burg_above_bonfire",
      "toEntrance": "Upper doorway of room with burg bonfire",
    },
    {
      "comment": "From anorlondo_cathedral (Between the Anor Londo main cathedral and the area with bedrooms and paintings) to darkroot_stone (Between the Darkroot Garden bonfire and the area with the stone knights)",
      "fromArea": "anorlondo_cathedral",
      "fromEntrance": "Between the Anor Londo main cathedral and the area with bedrooms and paintings",
      "toArea": "darkroot_stone",
      "toEntrance": "Between the Darkroot Garden bonfire and the area with the stone knights",
    },
    {
      "comment": "From totg_lordvessel (Golden fog gate in Tomb of the Giants) to darkroot_forest (At one end of the bridge at the top of the waterfall with the hydra below)",
      "fromArea": "totg_lordvessel",
      "fromEntrance": "Golden fog gate in Tomb of the Giants",
      "toArea": "darkroot_forest",
      "toEntrance": "At one end of the bridge at the top of the waterfall with the hydra below",
    },
    {
      "comment": "From totg_lower (Before the Halberd Black Knight in TotG) to anorlondo_start (From Sen's to Anor Londo)",
      "fromArea": "totg_lower",
      "fromEntrance": "Before the Halberd Black Knight in TotG",
      "toArea": "anorlondo_start",
      "toEntrance": "From Sen's to Anor Londo",
    },
    {
      "comment": "From newlondo (Near the New Londo Ruins shortcut ladder) to newlondo_drakes (Between Blighttown and Valley of the Drakes)",
      "fromArea": "newlondo",
      "fromEntrance": "Near the New Londo Ruins shortcut ladder",
      "toArea": "newlondo_drakes",
      "toEntrance": "Between Blighttown and Valley of the Drakes",
    },
    {
      "comment": "From burg_bonfire (Lower doorway of room with burg bonfire) to demonruins_centipede (To Centipede Demon)",
      "fromArea": "burg_bonfire",
      "fromEntrance": "Lower doorway of room with burg bonfire",
      "toArea": "demonruins_centipede",
      "toEntrance": "To Centipede Demon",
    },
    {
      "comment": "From dlc_sanctuary (Between Sanctuary Garden and Royal Forest) to dlc_forest (To Kalameet)",
      "fromArea": "dlc_sanctuary",
      "fromEntrance": "Between Sanctuary Garden and Royal Forest",
      "toArea": "dlc_forest",
      "toEntrance": "To Kalameet",
    },
    {
      "comment": "From dlc_forest (Between Sanctuary Garden and Royal Forest) to dlc_forest (To Artorias)",
      "fromArea": "dlc_forest",
      "fromEntrance": "Between Sanctuary Garden and Royal Forest",
      "toArea": "dlc_forest",
      "toEntrance": "To Artorias",
    },
    {
      "comment": "From demonruins_stairs (After Demon Firesage) to anorlondo_blacksmith (Between the Anor Londo main cathedral and the Giant Blacksmith)",
      "fromArea": "demonruins_stairs",
      "fromEntrance": "After Demon Firesage",
      "toArea": "anorlondo_blacksmith",
      "toEntrance": "Between the Anor Londo main cathedral and the Giant Blacksmith",
    },
    {
      "comment": "From demonruins_stairs (To Centipede Demon) to paintedworld_priscilla (To Priscilla)",
      "fromArea": "demonruins_stairs",
      "fromEntrance": "To Centipede Demon",
      "toArea": "paintedworld_priscilla",
      "toEntrance": "To Priscilla",
    },
    {
      "comment": "From dlc_hallway (Between Gough's stairway and Artorias) to dlc_guardian (After Sanctuary Guardian)",
      "fromArea": "dlc_hallway",
      "fromEntrance": "Between Gough's stairway and Artorias",
      "toArea": "dlc_guardian",
      "toEntrance": "After Sanctuary Guardian",
    },
    {
      "comment": "From blighttown (To Quelaag) to dlc_bottom (At the bottom of the elevator from before Artorias to before Manus)",
      "fromArea": "blighttown",
      "fromEntrance": "To Quelaag",
      "toArea": "dlc_bottom",
      "toEntrance": "At the bottom of the elevator from before Artorias to before Manus",
    },
    {
      "comment": "From blighttown (Between Blighttown and Valley of the Drakes) to greathollow_ashlake (Between Great Hollow and Ash Lake)",
      "fromArea": "blighttown",
      "fromEntrance": "Between Blighttown and Valley of the Drakes",
      "toArea": "greathollow_ashlake",
      "toEntrance": "Between Great Hollow and Ash Lake",
    },
    {
      "comment": "From blighttown (Between Blighttown and Great Hollow) to dlc_manus (To Manus)",
      "fromArea": "blighttown",
      "fromEntrance": "Between Blighttown and Great Hollow",
      "toArea": "dlc_manus",
      "toEntrance": "To Manus",
    },
    {
      "comment": "From sens_mid (Between final swinging axes aand Sen's Fortress roof) to parish_bell (After Gargoyles)",
      "fromArea": "sens_mid",
      "fromEntrance": "Between final swinging axes aand Sen's Fortress roof",
      "toArea": "parish_bell",
      "toEntrance": "After Gargoyles",
    },
    {
      "comment": "From darkroot_stone (To Moonlight Butterfly) to demonruins_ceaseless (To Ceaseless Discharge)",
      "fromArea": "darkroot_stone",
      "fromEntrance": "To Moonlight Butterfly",
      "toArea": "demonruins_ceaseless",
      "toEntrance": "To Ceaseless Discharge",
    },
    {
      "comment": "From darkroot_forest (To Sif) to greathollow (Between Blighttown and the Great Hollow)",
      "fromArea": "darkroot_forest",
      "fromEntrance": "To Sif",
      "toArea": "greathollow",
      "toEntrance": "Between Blighttown and the Great Hollow",
    },
    {
      "comment": "From anorlondo_start (Golden fog gate leading to Duke's Archives) to asylum_balcony (To Asylum Demon from balcony)",
      "fromArea": "anorlondo_start",
      "fromEntrance": "Golden fog gate leading to Duke's Archives",
      "toArea": "asylum_balcony",
      "toEntrance": "To Asylum Demon from balcony",
    },
    {
      "comment": "From newlondo_drakes (Between Darkroot and tunnel leading to Valley of the Drakes) to firelink_crow (Warp to Firelink crow's nest)",
      "fromArea": "newlondo_drakes",
      "fromEntrance": "Between Darkroot and tunnel leading to Valley of the Drakes",
      "toArea": "firelink_crow",
      "toEntrance": "Warp to Firelink crow's nest",
    },
    {
      "comment": "From demonruins_izalithprelava (After Centipede Demon) to newlondo_building (Near the New Londo Ruins shortcut ladder)",
      "fromArea": "demonruins_izalithprelava",
      "fromEntrance": "After Centipede Demon",
      "toArea": "newlondo_building",
      "toEntrance": "Near the New Londo Ruins shortcut ladder",
    },
    {
      "comment": "From dlc_top (At the top of the elevator from before Artorias to before Manus) to totg_nito (To Nito)",
      "fromArea": "dlc_top",
      "fromEntrance": "At the top of the elevator from before Artorias to before Manus",
      "toArea": "totg_nito",
      "toEntrance": "To Nito",
    },
    {
      "comment": "From anorlondo_os (To O&S) to dukes_seath2 (To Seath in Crystal Caves)",
      "fromArea": "anorlondo_os",
      "fromEntrance": "To O&S",
      "toArea": "dukes_seath2",
      "toEntrance": "To Seath in Crystal Caves",
    },
    {
      "comment": "From anorlondo_elevator1 (After O&S on left side) to depths_gaping (To Gaping Dragon)",
      "fromArea": "anorlondo_elevator1",
      "fromEntrance": "After O&S on left side",
      "toArea": "depths_gaping",
      "toEntrance": "To Gaping Dragon",
    },
    {
      "comment": "From sens (Near the outside boulder stairway and Siegmeyer in Sen's Fortress) to anorlondo_building (Between the first two Silver Knights and the main building)",
      "fromArea": "sens",
      "fromEntrance": "Near the outside boulder stairway and Siegmeyer in Sen's Fortress",
      "toArea": "anorlondo_building",
      "toEntrance": "Between the first two Silver Knights and the main building",
    },
    {
      "comment": "From greathollow (Between Great Hollow and Ash Lake) to darkroot_postbutterfly (After Moonlight Butterfly)",
      "fromArea": "greathollow",
      "fromEntrance": "Between Great Hollow and Ash Lake",
      "toArea": "darkroot_postbutterfly",
      "toEntrance": "After Moonlight Butterfly",
    },
    {
      "comment": "From demonruins_centipede (After Centipede Demon) to parish_andre (Between Undead Parish and Andre)",
      "fromArea": "demonruins_centipede",
      "fromEntrance": "After Centipede Demon",
      "toArea": "parish_andre",
      "toEntrance": "Between Undead Parish and Andre",
    },
    {
      "comment": "From asylum_stray (In Stray Demon arena) to burg_taurus (To Taurus Demon)",
      "fromArea": "asylum_stray",
      "fromEntrance": "In Stray Demon arena",
      "toArea": "burg_taurus",
      "toEntrance": "To Taurus Demon",
    },
    {
      "comment": "From anorlondo_building (Between the Anor Londo main cathedral and the area with bedrooms and paintings) to totg_coffin (Getting into coffin to Nito)",
      "fromArea": "anorlondo_building",
      "fromEntrance": "Between the Anor Londo main cathedral and the area with bedrooms and paintings",
      "toArea": "totg_coffin",
      "toEntrance": "Getting into coffin to Nito",
    },
    {
      "comment": "From dlc_guardian (To Sanctuary Guardian) to totg (Between TotG and Catacombs)",
      "fromArea": "dlc_guardian",
      "fromEntrance": "To Sanctuary Guardian",
      "toArea": "totg",
      "toEntrance": "Between TotG and Catacombs",
    },
    {
      "comment": "From demonruins (To Ceaseless Discharge) to newlondo_stairs (To Four Kings)",
      "fromArea": "demonruins",
      "fromEntrance": "To Ceaseless Discharge",
      "toArea": "newlondo_stairs",
      "toEntrance": "To Four Kings",
    },
    {
      "comment": "From blighttown (In between the main pit and wood planks while climbing up/down Blighttown) to newlondo_lower (On an entrance to the building with the Very Large Ember in lower ruins)",
      "fromArea": "blighttown",
      "fromEntrance": "In between the main pit and wood planks while climbing up/down Blighttown",
      "toArea": "newlondo_lower",
      "toEntrance": "On an entrance to the building with the Very Large Ember in lower ruins",
    },
    {
      "comment": "From anorlondo_start (At the doorway connecting the first Anor Londo elevator and the first gargoyle) to newlondo_lower (On an entrance to the building with the Very Large Ember in lower ruins)",
      "fromArea": "anorlondo_start",
      "fromEntrance": "At the doorway connecting the first Anor Londo elevator and the first gargoyle",
      "toArea": "newlondo_lower",
      "toEntrance": "On an entrance to the building with the Very Large Ember in lower ruins",
    },
    {
      "comment": "From parish_andre (Between Darkroot and Andre) to catacombs_start (Between Firelink Shrine and Catacombs)",
      "fromArea": "parish_andre",
      "fromEntrance": "Between Darkroot and Andre",
      "toArea": "catacombs_start",
      "toEntrance": "Between Firelink Shrine and Catacombs",
    },
    {
      "comment": "From parish_andre (Between Sen's Fortress gate and Andre) to dukes_start (Golden fog gate leading to Duke's Archives)",
      "fromArea": "parish_andre",
      "fromEntrance": "Between Sen's Fortress gate and Andre",
      "toArea": "dukes_start",
      "toEntrance": "Golden fog gate leading to Duke's Archives",
    },
    {
      "comment": "From newlondo_lower (To Four Kings) to dukes_start (At the first elevator in Duke's Archives)",
      "fromArea": "newlondo_lower",
      "fromEntrance": "To Four Kings",
      "toArea": "dukes_start",
      "toEntrance": "At the first elevator in Duke's Archives",
    },
    {
      "comment": "From sens (Between Sen's Fortress gate and Andre) to firelink_elevator (In front of Firelink Shrine dual elevator)",
      "fromArea": "sens",
      "fromEntrance": "Between Sen's Fortress gate and Andre",
      "toArea": "firelink_elevator",
      "toEntrance": "In front of Firelink Shrine dual elevator",
    },
    {
      "comment": "From totg (Before the Halberd Black Knight in TotG) to dukes_seath1 (To Seath in Archives)",
      "fromArea": "totg",
      "fromEntrance": "Before the Halberd Black Knight in TotG",
      "toArea": "dukes_seath1",
      "toEntrance": "To Seath in Archives",
    },
    {
      "comment": "From burg_ladder (Between very long ladder and Lower Burg) to burg_capra (To Capra Demon)",
      "fromArea": "burg_ladder",
      "fromEntrance": "Between very long ladder and Lower Burg",
      "toArea": "burg_capra",
      "toEntrance": "To Capra Demon",
    },
    {
      "comment": "From burg_taurus (After Taurus Demon) to demonruins_bedofchaos (To Bed of Chaos)",
      "fromArea": "burg_taurus",
      "fromEntrance": "After Taurus Demon",
      "toArea": "demonruins_bedofchaos",
      "toEntrance": "To Bed of Chaos",
    },
  ],
}
`;
